******************************************************************************
                  TI ARM Linker PC v20.2.7                     
******************************************************************************
>> Linked Sun Jan 14 23:41:03 2024

OUTPUT FILE NAME:   <PORT_Project.out>
ENTRY POINT SYMBOL: "_c_int00_noargs"  address: 00001251


MEMORY CONFIGURATION

         name            origin    length      used     unused   attr    fill
----------------------  --------  ---------  --------  --------  ----  --------
  FLASH                 00000000   00040000  00001462  0003eb9e  R  X
  SRAM                  20000000   00008000  00000216  00007dea  RW X


SEGMENT ALLOCATION MAP

run origin  load origin   length   init length attrs members
----------  ----------- ---------- ----------- ----- -------
00000000    00000000    00001468   00001468    r-x
  00000000    00000000    0000026c   0000026c    r-- .intvecs
  0000026c    0000026c    0000107a   0000107a    r-x .text
  000012e6    000012e6    0000015c   0000015c    r-- .const
  00001448    00001448    00000020   00000020    r-- .cinit
20000000    20000000    00000216   00000000    rw-
  20000000    20000000    00000200   00000000    rw- .stack
  20000200    20000200    00000016   00000000    rw- .data


SECTION ALLOCATION MAP

 output                                  attributes/
section   page    origin      length       input sections
--------  ----  ----------  ----------   ----------------
.intvecs   0    00000000    0000026c     
                  00000000    0000026c     tm4c123gh6pm_startup_ccs.obj (.intvecs)

.text      0    0000026c    0000107a     
                  0000026c    00000954     Port.obj (.text)
                  00000bc0    0000030c     Dio.obj (.text)
                  00000ecc    000000a8     Os.obj (.text)
                  00000f74    0000009c     rtsv7M4_T_le_v4SPD16_eabi.lib : memcpy_t2.asm.obj (.text)
                  00001010    0000007c     Button.obj (.text)
                  0000108c    0000007c     Gpt.obj (.text)
                  00001108    00000068     rtsv7M4_T_le_v4SPD16_eabi.lib : copy_decompress_lzss.c.obj (.text:decompress:lzss:__TI_decompress_lzss)
                  00001170    0000005c     App.obj (.text)
                  000011cc    00000044     rtsv7M4_T_le_v4SPD16_eabi.lib : autoinit.c.obj (.text:__TI_auto_init_nobinit_nopinit:__TI_auto_init_nobinit_nopinit)
                  00001210    0000003e     Led.obj (.text)
                  0000124e    00000002     --HOLE-- [fill = 0]
                  00001250    00000034     rtsv7M4_T_le_v4SPD16_eabi.lib : boot_cortex_m.c.obj (.text:_c_int00_noargs:_c_int00_noargs)
                  00001284    00000020     Mcu.obj (.text)
                  000012a4    00000016     Det.obj (.text)
                  000012ba    0000000e     rtsv7M4_T_le_v4SPD16_eabi.lib : copy_decompress_none.c.obj (.text:decompress:none:__TI_decompress_none)
                  000012c8    0000000c     tm4c123gh6pm_startup_ccs.obj (.text)
                  000012d4    0000000a     main.obj (.text)
                  000012de    00000004     rtsv7M4_T_le_v4SPD16_eabi.lib : pre_init.c.obj (.text:_system_pre_init)
                  000012e2    00000004                                   : exit.c.obj (.text:abort:abort)

.const     0    000012e6    0000015c     
                  000012e6    00000158     Port_PBcfg.obj (.const:Port_Configuration)
                  0000143e    00000004     Dio_PBcfg.obj (.const:Dio_Configuration)

.cinit     0    00001448    00000020     
                  00001448    0000000e     (.cinit..data.load) [load image, compression = lzss]
                  00001456    00000002     --HOLE-- [fill = 0]
                  00001458    00000008     (__TI_handler_table)
                  00001460    00000008     (__TI_cinit_table)

.init_array 
*          0    00000000    00000000     UNINITIALIZED

.data      0    20000200    00000016     UNINITIALIZED
                  20000200    00000005     Dio.obj (.data)
                  20000205    00000003     Button.obj (.data)
                  20000208    00000005     Port.obj (.data)
                  2000020d    00000002     App.obj (.data)
                  2000020f    00000001     --HOLE--
                  20000210    00000004     Gpt.obj (.data)
                  20000214    00000002     Os.obj (.data)

.stack     0    20000000    00000200     UNINITIALIZED
                  20000000    00000004     rtsv7M4_T_le_v4SPD16_eabi.lib : boot_cortex_m.c.obj (.stack)
                  20000004    000001fc     --HOLE--

__llvm_prf_cnts 
*          0    20000000    00000000     UNINITIALIZED

MODULE SUMMARY

       Module                         code   ro data   rw data
       ------                         ----   -------   -------
    .\
       tm4c123gh6pm_startup_ccs.obj   12     620       0      
       main.obj                       10     0         0      
    +--+------------------------------+------+---------+---------+
       Total:                         22     620       0      
                                                              
    .\APP\
       App.obj                        92     0         2      
    +--+------------------------------+------+---------+---------+
       Total:                         92     0         2      
                                                              
    .\ECUAL\Button\
       Button.obj                     124    0         3      
    +--+------------------------------+------+---------+---------+
       Total:                         124    0         3      
                                                              
    .\ECUAL\LED\
       Led.obj                        62     0         0      
    +--+------------------------------+------+---------+---------+
       Total:                         62     0         0      
                                                              
    .\MCAL\DIO\
       Dio.obj                        780    0         5      
       Dio_PBcfg.obj                  0      4         0      
    +--+------------------------------+------+---------+---------+
       Total:                         780    4         5      
                                                              
    .\MCAL\GPT\
       Gpt.obj                        124    0         4      
    +--+------------------------------+------+---------+---------+
       Total:                         124    0         4      
                                                              
    .\MCAL\MCU\
       Mcu.obj                        32     0         0      
    +--+------------------------------+------+---------+---------+
       Total:                         32     0         0      
                                                              
    .\MCAL\PORT\
       Port.obj                       2388   0         5      
       Port_PBcfg.obj                 0      344       0      
    +--+------------------------------+------+---------+---------+
       Total:                         2388   344       5      
                                                              
    .\OS\
       Os.obj                         168    0         2      
    +--+------------------------------+------+---------+---------+
       Total:                         168    0         2      
                                                              
    .\SERVICE\
       Det.obj                        22     0         0      
    +--+------------------------------+------+---------+---------+
       Total:                         22     0         0      
                                                              
    C:\ti\ccs1250\ccs\tools\compiler\ti-cgt-arm_20.2.7.LTS\lib\rtsv7M4_T_le_v4SPD16_eabi.lib
       memcpy_t2.asm.obj              156    0         0      
       copy_decompress_lzss.c.obj     104    0         0      
       autoinit.c.obj                 68     0         0      
       boot_cortex_m.c.obj            52     0         0      
       copy_decompress_none.c.obj     14     0         0      
       exit.c.obj                     4      0         0      
       pre_init.c.obj                 4      0         0      
    +--+------------------------------+------+---------+---------+
       Total:                         402    0         0      
                                                              
       Stack:                         0      0         512    
       Linker Generated:              0      30        0      
    +--+------------------------------+------+---------+---------+
       Grand Total:                   4216   998       533    


LINKER GENERATED COPY TABLES

__TI_cinit_table @ 00001460 records: 1, size/record: 8, table size: 8
	.data: load addr=00001448, load size=0000000e bytes, run addr=20000200, run size=00000016 bytes, compression=lzss


LINKER GENERATED HANDLER TABLE

__TI_handler_table @ 00001458 records: 2, size/record: 4, table size: 8
	index: 0, handler: __TI_decompress_lzss
	index: 1, handler: __TI_decompress_none


GLOBAL SYMBOLS: SORTED ALPHABETICALLY BY Name 

address   name                          
-------   ----                          
00001195  App_Task                      
00001011  Button_GetState               
00001017  Button_RefreshState           
00001185  Button_Task                   
000012e3  C$$EXIT                       
000012a5  Det_ReportError               
0000143e  Dio_Configuration             
00000d9f  Dio_FlipChannel               
00000bc1  Dio_Init                      
00000cc5  Dio_ReadChannel               
00000be5  Dio_WriteChannel              
00001171  Init_Task                     
00001229  Led_RefreshOutput             
0000121d  Led_SetOff                    
00001211  Led_SetOn                     
0000118d  Led_Task                      
00001241  Led_Toggle                    
00001285  Mcu_Init                      
00000ee7  Os_NewTimerTick               
00000ef7  Os_Scheduler                  
00000ecd  Os_start                      
000012e6  Port_Configuration            
00000b81  Port_GetVersionInfo           
0000026d  Port_Init                     
000006cd  Port_RefreshPortDirection     
00000a29  Port_SetPinDirection          
0000078d  Port_SetPinMode               
000012c9  ResetISR                      
0000108d  SysTick_Handler               
000010e5  SysTick_SetCallBack           
0000109d  SysTick_Start                 
000010dd  SysTick_Stop                  
20000200  __STACK_END                   
00000200  __STACK_SIZE                  
20000200  __STACK_TOP                   
00001460  __TI_CINIT_Base               
00001468  __TI_CINIT_Limit              
00001458  __TI_Handler_Table_Base       
00001460  __TI_Handler_Table_Limit      
000011cd  __TI_auto_init_nobinit_nopinit
00001109  __TI_decompress_lzss          
000012bb  __TI_decompress_none          
ffffffff  __TI_pprof_out_hndl           
ffffffff  __TI_prof_data_size           
ffffffff  __TI_prof_data_start          
00000000  __TI_static_base__            
00000f75  __aeabi_memcpy                
00000f75  __aeabi_memcpy4               
00000f75  __aeabi_memcpy8               
ffffffff  __binit__                     
ffffffff  __c_args__                    
UNDEFED   __mpu_init                    
20000000  __stack                       
20000000  __start___llvm_prf_cnts       
20000000  __stop___llvm_prf_cnts        
00001251  _c_int00_noargs               
UNDEFED   _system_post_cinit            
000012df  _system_pre_init              
000012e3  abort                         
ffffffff  binit                         
00000000  g_pfnVectors                  
000012d5  main                          
00000f75  memcpy                        


GLOBAL SYMBOLS: SORTED BY Symbol Address 

address   name                          
-------   ----                          
00000000  __TI_static_base__            
00000000  g_pfnVectors                  
00000200  __STACK_SIZE                  
0000026d  Port_Init                     
000006cd  Port_RefreshPortDirection     
0000078d  Port_SetPinMode               
00000a29  Port_SetPinDirection          
00000b81  Port_GetVersionInfo           
00000bc1  Dio_Init                      
00000be5  Dio_WriteChannel              
00000cc5  Dio_ReadChannel               
00000d9f  Dio_FlipChannel               
00000ecd  Os_start                      
00000ee7  Os_NewTimerTick               
00000ef7  Os_Scheduler                  
00000f75  __aeabi_memcpy                
00000f75  __aeabi_memcpy4               
00000f75  __aeabi_memcpy8               
00000f75  memcpy                        
00001011  Button_GetState               
00001017  Button_RefreshState           
0000108d  SysTick_Handler               
0000109d  SysTick_Start                 
000010dd  SysTick_Stop                  
000010e5  SysTick_SetCallBack           
00001109  __TI_decompress_lzss          
00001171  Init_Task                     
00001185  Button_Task                   
0000118d  Led_Task                      
00001195  App_Task                      
000011cd  __TI_auto_init_nobinit_nopinit
00001211  Led_SetOn                     
0000121d  Led_SetOff                    
00001229  Led_RefreshOutput             
00001241  Led_Toggle                    
00001251  _c_int00_noargs               
00001285  Mcu_Init                      
000012a5  Det_ReportError               
000012bb  __TI_decompress_none          
000012c9  ResetISR                      
000012d5  main                          
000012df  _system_pre_init              
000012e3  C$$EXIT                       
000012e3  abort                         
000012e6  Port_Configuration            
0000143e  Dio_Configuration             
00001458  __TI_Handler_Table_Base       
00001460  __TI_CINIT_Base               
00001460  __TI_Handler_Table_Limit      
00001468  __TI_CINIT_Limit              
20000000  __stack                       
20000000  __start___llvm_prf_cnts       
20000000  __stop___llvm_prf_cnts        
20000200  __STACK_END                   
20000200  __STACK_TOP                   
ffffffff  __TI_pprof_out_hndl           
ffffffff  __TI_prof_data_size           
ffffffff  __TI_prof_data_start          
ffffffff  __binit__                     
ffffffff  __c_args__                    
ffffffff  binit                         
UNDEFED   __mpu_init                    
UNDEFED   _system_post_cinit            

[63 symbols]
